2026-06-05 16:19:15.907 +05:30 [WRN] Failed to determine the https port for redirect.
2026-06-05 16:19:17.082 +05:30 [INF] GenerateAPIValidationToken Begins
2026-06-05 16:19:17.362 +05:30 [INF] GenerateAPIValidationToken Ends
2026-06-05 16:19:17.607 +05:30 [INF] HTTP POST /api/products/GenerateAPIValidationToken responded 200 in 1756.1757 ms
2026-06-05 16:19:23.956 +05:30 [INF] HTTP GET /api/products responded 200 in 5309.1081 ms
2026-06-05 16:19:27.009 +05:30 [INF] GenerateAPIValidationToken Begins
2026-06-05 16:19:27.011 +05:30 [INF] GenerateAPIValidationToken Ends
2026-06-05 16:19:27.013 +05:30 [INF] HTTP POST /api/products/GenerateAPIValidationToken responded 200 in 15.3557 ms
2026-06-05 16:19:27.762 +05:30 [INF] HTTP GET /api/products responded 200 in 624.4686 ms
2026-06-05 16:19:41.797 +05:30 [INF] GenerateAPIValidationToken Begins
2026-06-05 16:19:41.804 +05:30 [INF] GenerateAPIValidationToken Ends
2026-06-05 16:19:41.807 +05:30 [INF] HTTP POST /api/products/GenerateAPIValidationToken responded 200 in 11.0004 ms
2026-06-05 16:19:42.076 +05:30 [INF] Add ProductsAPI.Models.Product
2026-06-05 16:19:42.615 +05:30 [INF] HTTP POST /api/products responded 200 in 720.4482 ms
2026-06-05 16:22:34.859 +05:30 [INF] GenerateAPIValidationToken Begins
2026-06-05 16:22:34.979 +05:30 [INF] GenerateAPIValidationToken Ends
2026-06-05 16:22:35.032 +05:30 [INF] HTTP POST /api/products/GenerateAPIValidationToken responded 200 in 274.7270 ms
2026-06-05 16:22:35.485 +05:30 [INF] Add ProductsAPI.Models.Product
2026-06-05 16:22:35.867 +05:30 [INF] HTTP POST /api/products responded 200 in 468.1700 ms
2026-06-05 16:24:28.095 +05:30 [INF] GenerateAPIValidationToken Begins
2026-06-05 16:24:28.142 +05:30 [INF] GenerateAPIValidationToken Ends
2026-06-05 16:24:28.151 +05:30 [INF] HTTP POST /api/products/GenerateAPIValidationToken responded 200 in 70.8799 ms
2026-06-05 16:24:28.410 +05:30 [INF] Add ProductsAPI.Models.Product
2026-06-05 16:24:28.665 +05:30 [INF] HTTP POST /api/products responded 200 in 279.2111 ms
{"Timestamp":"2026-06-05T16:30:30.3774750+05:30","Level":"Warning","MessageTemplate":"Failed to determine the https port for redirect.","TraceId":"afa1456ebabb18d3305a9eced5a6ce25","SpanId":"e25ebe67bf92060d","Properties":{"EventId":{"Id":3,"Name":"FailedToDeterminePort"},"SourceContext":"Microsoft.AspNetCore.HttpsPolicy.HttpsRedirectionMiddleware","RequestId":"0HNM2U6K25K4K:00000001","RequestPath":"/api/products/GenerateAPIValidationToken","ConnectionId":"0HNM2U6K25K4K","MachineName":"parrot","ThreadId":8}}
{"Timestamp":"2026-06-05T16:30:30.9240287+05:30","Level":"Information","MessageTemplate":"GenerateAPIValidationToken Begins","TraceId":"afa1456ebabb18d3305a9eced5a6ce25","SpanId":"e25ebe67bf92060d","Properties":{"ActionId":"07d5d652-c940-441d-9c36-d037540b31f3","ActionName":"API.Controllers.ProductsController.GenerateAPIValidationToken (API)","RequestId":"0HNM2U6K25K4K:00000001","RequestPath":"/api/products/GenerateAPIValidationToken","ConnectionId":"0HNM2U6K25K4K","MachineName":"parrot","ThreadId":8}}
{"Timestamp":"2026-06-05T16:30:30.9930152+05:30","Level":"Information","MessageTemplate":"GenerateAPIValidationToken Ends","TraceId":"afa1456ebabb18d3305a9eced5a6ce25","SpanId":"e25ebe67bf92060d","Properties":{"ActionId":"07d5d652-c940-441d-9c36-d037540b31f3","ActionName":"API.Controllers.ProductsController.GenerateAPIValidationToken (API)","RequestId":"0HNM2U6K25K4K:00000001","RequestPath":"/api/products/GenerateAPIValidationToken","ConnectionId":"0HNM2U6K25K4K","MachineName":"parrot","ThreadId":8}}
{"Timestamp":"2026-06-05T16:30:31.1073531+05:30","Level":"Information","MessageTemplate":"HTTP {RequestMethod} {RequestPath} responded {StatusCode} in {Elapsed:0.0000} ms","TraceId":"afa1456ebabb18d3305a9eced5a6ce25","SpanId":"e25ebe67bf92060d","Properties":{"RequestMethod":"POST","RequestPath":"/api/products/GenerateAPIValidationToken","StatusCode":200,"Elapsed":759.562274,"SourceContext":"Serilog.AspNetCore.RequestLoggingMiddleware","RequestId":"0HNM2U6K25K4K:00000001","ConnectionId":"0HNM2U6K25K4K","MachineName":"parrot","ThreadId":8},"Renderings":{"Elapsed":[{"Format":"0.0000","Rendering":"759.5623"}]}}
{"Timestamp":"2026-06-05T16:30:31.4662267+05:30","Level":"Information","MessageTemplate":"Add ProductsAPI.Models.Product","TraceId":"afa1456ebabb18d3305a9eced5a6ce25","SpanId":"be32697d8c2eda76","Properties":{"ActionId":"f43ae0cc-50f0-4984-914b-9435e05cdb41","ActionName":"API.Controllers.ProductsController.Create (API)","RequestId":"0HNM2U6K25K4L:00000001","RequestPath":"/api/products","ConnectionId":"0HNM2U6K25K4L","MachineName":"parrot","ThreadId":10}}
{"Timestamp":"2026-06-05T16:30:33.6606072+05:30","Level":"Information","MessageTemplate":"HTTP {RequestMethod} {RequestPath} responded {StatusCode} in {Elapsed:0.0000} ms","TraceId":"afa1456ebabb18d3305a9eced5a6ce25","SpanId":"be32697d8c2eda76","Properties":{"RequestMethod":"POST","RequestPath":"/api/products","StatusCode":200,"Elapsed":2318.854447,"SourceContext":"Serilog.AspNetCore.RequestLoggingMiddleware","RequestId":"0HNM2U6K25K4L:00000001","ConnectionId":"0HNM2U6K25K4L","MachineName":"parrot","ThreadId":10},"Renderings":{"Elapsed":[{"Format":"0.0000","Rendering":"2318.8544"}]}}
2026-06-05 16:33:27.420 +05:30 [WRN] Failed to determine the https port for redirect.
2026-06-05 16:33:27.939 +05:30 [INF] GenerateAPIValidationToken Begins
2026-06-05 16:33:28.010 +05:30 [INF] GenerateAPIValidationToken Ends
2026-06-05 16:33:28.165 +05:30 [INF] HTTP POST /api/products/GenerateAPIValidationToken responded 200 in 795.3541 ms
2026-06-05 16:33:28.536 +05:30 [INF] Add ProductsAPI.Models.Product
2026-06-05 16:33:30.394 +05:30 [INF] HTTP POST /api/products responded 200 in 2000.0382 ms
2026-06-05 16:35:33.408 +05:30 [INF] GenerateAPIValidationToken Begins
2026-06-05 16:35:33.479 +05:30 [INF] GenerateAPIValidationToken Ends
2026-06-05 16:35:33.517 +05:30 [INF] HTTP POST /api/products/GenerateAPIValidationToken responded 200 in 215.8401 ms
2026-06-05 16:35:34.164 +05:30 [INF] Add ProductsAPI.Models.Product
2026-06-05 16:35:34.715 +05:30 [INF] HTTP POST /api/products responded 200 in 658.7666 ms
2026-06-05 16:50:01.467 +05:30 [INF] GenerateAPIValidationToken Begins
2026-06-05 16:50:01.587 +05:30 [INF] GenerateAPIValidationToken Ends
2026-06-05 16:50:01.629 +05:30 [INF] HTTP POST /api/products/GenerateAPIValidationToken responded 200 in 263.7798 ms
2026-06-05 16:50:01.830 +05:30 [INF] Add ProductsAPI.Models.Product
2026-06-05 16:50:02.409 +05:30 [INF] HTTP POST /api/products responded 200 in 632.5243 ms
2026-06-05 16:50:09.226 +05:30 [INF] GenerateAPIValidationToken Begins
2026-06-05 16:50:09.242 +05:30 [INF] GenerateAPIValidationToken Ends
2026-06-05 16:50:09.242 +05:30 [INF] HTTP POST /api/products/GenerateAPIValidationToken responded 200 in 17.3658 ms
2026-06-05 16:50:09.981 +05:30 [INF] GenerateAPIValidationToken Begins
2026-06-05 16:50:09.982 +05:30 [INF] GenerateAPIValidationToken Ends
2026-06-05 16:50:10.022 +05:30 [INF] HTTP POST /api/products/GenerateAPIValidationToken responded 200 in 42.2629 ms
2026-06-05 16:50:10.382 +05:30 [INF] GenerateAPIValidationToken Begins
2026-06-05 16:50:10.390 +05:30 [INF] GenerateAPIValidationToken Ends
2026-06-05 16:50:10.394 +05:30 [INF] HTTP POST /api/products/GenerateAPIValidationToken responded 200 in 11.6260 ms
2026-06-05 16:50:10.732 +05:30 [INF] GenerateAPIValidationToken Begins
2026-06-05 16:50:10.738 +05:30 [INF] GenerateAPIValidationToken Ends
2026-06-05 16:50:10.749 +05:30 [INF] HTTP POST /api/products/GenerateAPIValidationToken responded 200 in 20.2000 ms
2026-06-05 16:50:12.406 +05:30 [INF] HTTP DELETE /api/products/45 responded 200 in 1543.8992 ms
2026-06-05 16:50:14.710 +05:30 [INF] GenerateAPIValidationToken Begins
2026-06-05 16:50:14.744 +05:30 [INF] GenerateAPIValidationToken Ends
2026-06-05 16:50:14.737 +05:30 [INF] GenerateAPIValidationToken Begins
2026-06-05 16:50:14.745 +05:30 [INF] GenerateAPIValidationToken Begins
2026-06-05 16:50:14.820 +05:30 [INF] HTTP POST /api/products/GenerateAPIValidationToken responded 200 in 110.5558 ms
2026-06-05 16:50:14.822 +05:30 [INF] GenerateAPIValidationToken Ends
2026-06-05 16:50:14.822 +05:30 [INF] HTTP POST /api/products/GenerateAPIValidationToken responded 200 in 85.2797 ms
2026-06-05 16:50:14.820 +05:30 [INF] GenerateAPIValidationToken Begins
2026-06-05 16:50:14.798 +05:30 [INF] GenerateAPIValidationToken Ends
2026-06-05 16:50:14.882 +05:30 [INF] HTTP POST /api/products/GenerateAPIValidationToken responded 200 in 143.8405 ms
2026-06-05 16:50:14.883 +05:30 [INF] GenerateAPIValidationToken Begins
2026-06-05 16:50:14.927 +05:30 [INF] GenerateAPIValidationToken Ends
2026-06-05 16:50:14.928 +05:30 [INF] HTTP POST /api/products/GenerateAPIValidationToken responded 200 in 131.0652 ms
2026-06-05 16:50:14.929 +05:30 [INF] GenerateAPIValidationToken Ends
2026-06-05 16:50:14.929 +05:30 [INF] HTTP POST /api/products/GenerateAPIValidationToken responded 200 in 46.4918 ms
2026-06-05 16:50:15.196 +05:30 [INF] GenerateAPIValidationToken Begins
2026-06-05 16:50:15.198 +05:30 [INF] GenerateAPIValidationToken Begins
2026-06-05 16:50:15.198 +05:30 [INF] GenerateAPIValidationToken Ends
2026-06-05 16:50:15.199 +05:30 [INF] HTTP POST /api/products/GenerateAPIValidationToken responded 200 in 1.3746 ms
2026-06-05 16:50:15.197 +05:30 [INF] GenerateAPIValidationToken Ends
2026-06-05 16:50:15.362 +05:30 [INF] GenerateAPIValidationToken Begins
2026-06-05 16:50:15.377 +05:30 [INF] HTTP POST /api/products/GenerateAPIValidationToken responded 200 in 180.9943 ms
2026-06-05 16:50:15.388 +05:30 [INF] GenerateAPIValidationToken Ends
2026-06-05 16:50:15.389 +05:30 [INF] HTTP POST /api/products/GenerateAPIValidationToken responded 200 in 28.0434 ms
2026-06-05 16:50:15.541 +05:30 [INF] GenerateAPIValidationToken Begins
2026-06-05 16:50:15.571 +05:30 [INF] HTTP DELETE /api/products/44 responded 200 in 475.5053 ms
2026-06-05 16:50:15.597 +05:30 [INF] GenerateAPIValidationToken Ends
2026-06-05 16:50:15.598 +05:30 [INF] HTTP POST /api/products/GenerateAPIValidationToken responded 200 in 97.6205 ms
2026-06-05 16:50:15.819 +05:30 [INF] GenerateAPIValidationToken Begins
2026-06-05 16:50:15.865 +05:30 [INF] GenerateAPIValidationToken Ends
2026-06-05 16:50:15.867 +05:30 [INF] HTTP POST /api/products/GenerateAPIValidationToken responded 200 in 94.2377 ms
2026-06-05 16:50:15.911 +05:30 [INF] GenerateAPIValidationToken Begins
2026-06-05 16:50:15.912 +05:30 [INF] GenerateAPIValidationToken Ends
2026-06-05 16:50:15.913 +05:30 [INF] HTTP POST /api/products/GenerateAPIValidationToken responded 200 in 11.9308 ms
2026-06-05 16:50:14.739 +05:30 [ERR] Unhandled exception occurred
Microsoft.EntityFrameworkCore.DbUpdateConcurrencyException: The database operation was expected to affect 1 row(s), but actually affected 0 row(s); data may have been modified or deleted since entities were loaded. See https://go.microsoft.com/fwlink/?LinkId=527962 for information on understanding and handling optimistic concurrency exceptions.
   at Microsoft.EntityFrameworkCore.Update.AffectedCountModificationCommandBatch.ThrowAggregateUpdateConcurrencyExceptionAsync(RelationalDataReader reader, Int32 commandIndex, Int32 expectedRowsAffected, Int32 rowsAffected, CancellationToken cancellationToken)
   at Microsoft.EntityFrameworkCore.Update.AffectedCountModificationCommandBatch.ConsumeResultSetWithRowsAffectedOnlyAsync(Int32 commandIndex, RelationalDataReader reader, CancellationToken cancellationToken)
   at Microsoft.EntityFrameworkCore.Update.AffectedCountModificationCommandBatch.ConsumeAsync(RelationalDataReader reader, CancellationToken cancellationToken)
   at Microsoft.EntityFrameworkCore.Update.ReaderModificationCommandBatch.ExecuteAsync(IRelationalConnection connection, CancellationToken cancellationToken)
   at Microsoft.EntityFrameworkCore.Update.ReaderModificationCommandBatch.ExecuteAsync(IRelationalConnection connection, CancellationToken cancellationToken)
   at Microsoft.EntityFrameworkCore.Update.Internal.BatchExecutor.ExecuteAsync(IEnumerable`1 commandBatches, IRelationalConnection connection, CancellationToken cancellationToken)
   at Microsoft.EntityFrameworkCore.Update.Internal.BatchExecutor.ExecuteAsync(IEnumerable`1 commandBatches, IRelationalConnection connection, CancellationToken cancellationToken)
   at Microsoft.EntityFrameworkCore.Update.Internal.BatchExecutor.ExecuteAsync(IEnumerable`1 commandBatches, IRelationalConnection connection, CancellationToken cancellationToken)
   at Microsoft.EntityFrameworkCore.ChangeTracking.Internal.StateManager.SaveChangesAsync(IList`1 entriesToSave, CancellationToken cancellationToken)
   at Microsoft.EntityFrameworkCore.ChangeTracking.Internal.StateManager.SaveChangesAsync(StateManager stateManager, Boolean acceptAllChangesOnSuccess, CancellationToken cancellationToken)
   at Microsoft.EntityFrameworkCore.DbContext.SaveChangesAsync(Boolean acceptAllChangesOnSuccess, CancellationToken cancellationToken)
   at API.Controllers.ProductsController.Delete(Int32 id) in /home/bala/Desktop/CEWIT Interview Preparations/Blazorapp/BlazorAPIProject/API/Controllers/ProductsController.cs:line 78
   at Microsoft.AspNetCore.Mvc.Infrastructure.ActionMethodExecutor.TaskOfIActionResultExecutor.Execute(ActionContext actionContext, IActionResultTypeMapper mapper, ObjectMethodExecutor executor, Object controller, Object[] arguments)
   at Microsoft.AspNetCore.Mvc.Infrastructure.ControllerActionInvoker.<InvokeActionMethodAsync>g__Awaited|12_0(ControllerActionInvoker invoker, ValueTask`1 actionResultValueTask)
   at Microsoft.AspNetCore.Mvc.Infrastructure.ControllerActionInvoker.<InvokeNextActionFilterAsync>g__Awaited|10_0(ControllerActionInvoker invoker, Task lastTask, State next, Scope scope, Object state, Boolean isCompleted)
   at Microsoft.AspNetCore.Mvc.Infrastructure.ControllerActionInvoker.Rethrow(ActionExecutedContextSealed context)
   at Microsoft.AspNetCore.Mvc.Infrastructure.ControllerActionInvoker.Next(State& next, Scope& scope, Object& state, Boolean& isCompleted)
   at Microsoft.AspNetCore.Mvc.Infrastructure.ControllerActionInvoker.InvokeInnerFilterAsync()
--- End of stack trace from previous location ---
   at Microsoft.AspNetCore.Mvc.Infrastructure.ResourceInvoker.<InvokeFilterPipelineAsync>g__Awaited|20_0(ResourceInvoker invoker, Task lastTask, State next, Scope scope, Object state, Boolean isCompleted)
   at Microsoft.AspNetCore.Mvc.Infrastructure.ResourceInvoker.<InvokeAsync>g__Awaited|17_0(ResourceInvoker invoker, Task task, IDisposable scope)
   at Microsoft.AspNetCore.Mvc.Infrastructure.ResourceInvoker.<InvokeAsync>g__Awaited|17_0(ResourceInvoker invoker, Task task, IDisposable scope)
   at Swashbuckle.AspNetCore.SwaggerUI.SwaggerUIMiddleware.Invoke(HttpContext httpContext)
   at Swashbuckle.AspNetCore.Swagger.SwaggerMiddleware.Invoke(HttpContext httpContext, ISwaggerProvider swaggerProvider)
   at GlobalExceptionMiddleware.InvokeAsync(HttpContext context) in /home/bala/Desktop/CEWIT Interview Preparations/Blazorapp/BlazorAPIProject/API/Filters/GlobalMiddleware.cs:line 18
2026-06-05 16:50:15.195 +05:30 [ERR] Unhandled exception occurred
Microsoft.EntityFrameworkCore.DbUpdateConcurrencyException: The database operation was expected to affect 1 row(s), but actually affected 0 row(s); data may have been modified or deleted since entities were loaded. See https://go.microsoft.com/fwlink/?LinkId=527962 for information on understanding and handling optimistic concurrency exceptions.
   at Microsoft.EntityFrameworkCore.Update.AffectedCountModificationCommandBatch.ThrowAggregateUpdateConcurrencyExceptionAsync(RelationalDataReader reader, Int32 commandIndex, Int32 expectedRowsAffected, Int32 rowsAffected, CancellationToken cancellationToken)
   at Microsoft.EntityFrameworkCore.Update.AffectedCountModificationCommandBatch.ConsumeResultSetWithRowsAffectedOnlyAsync(Int32 commandIndex, RelationalDataReader reader, CancellationToken cancellationToken)
   at Microsoft.EntityFrameworkCore.Update.AffectedCountModificationCommandBatch.ConsumeAsync(RelationalDataReader reader, CancellationToken cancellationToken)
   at Microsoft.EntityFrameworkCore.Update.ReaderModificationCommandBatch.ExecuteAsync(IRelationalConnection connection, CancellationToken cancellationToken)
   at Microsoft.EntityFrameworkCore.Update.ReaderModificationCommandBatch.ExecuteAsync(IRelationalConnection connection, CancellationToken cancellationToken)
   at Microsoft.EntityFrameworkCore.Update.Internal.BatchExecutor.ExecuteAsync(IEnumerable`1 commandBatches, IRelationalConnection connection, CancellationToken cancellationToken)
   at Microsoft.EntityFrameworkCore.Update.Internal.BatchExecutor.ExecuteAsync(IEnumerable`1 commandBatches, IRelationalConnection connection, CancellationToken cancellationToken)
   at Microsoft.EntityFrameworkCore.Update.Internal.BatchExecutor.ExecuteAsync(IEnumerable`1 commandBatches, IRelationalConnection connection, CancellationToken cancellationToken)
   at Microsoft.EntityFrameworkCore.ChangeTracking.Internal.StateManager.SaveChangesAsync(IList`1 entriesToSave, CancellationToken cancellationToken)
   at Microsoft.EntityFrameworkCore.ChangeTracking.Internal.StateManager.SaveChangesAsync(StateManager stateManager, Boolean acceptAllChangesOnSuccess, CancellationToken cancellationToken)
   at Microsoft.EntityFrameworkCore.DbContext.SaveChangesAsync(Boolean acceptAllChangesOnSuccess, CancellationToken cancellationToken)
   at API.Controllers.ProductsController.Delete(Int32 id) in /home/bala/Desktop/CEWIT Interview Preparations/Blazorapp/BlazorAPIProject/API/Controllers/ProductsController.cs:line 78
   at Microsoft.AspNetCore.Mvc.Infrastructure.ActionMethodExecutor.TaskOfIActionResultExecutor.Execute(ActionContext actionContext, IActionResultTypeMapper mapper, ObjectMethodExecutor executor, Object controller, Object[] arguments)
   at Microsoft.AspNetCore.Mvc.Infrastructure.ControllerActionInvoker.<InvokeActionMethodAsync>g__Awaited|12_0(ControllerActionInvoker invoker, ValueTask`1 actionResultValueTask)
   at Microsoft.AspNetCore.Mvc.Infrastructure.ControllerActionInvoker.<InvokeNextActionFilterAsync>g__Awaited|10_0(ControllerActionInvoker invoker, Task lastTask, State next, Scope scope, Object state, Boolean isCompleted)
   at Microsoft.AspNetCore.Mvc.Infrastructure.ControllerActionInvoker.Rethrow(ActionExecutedContextSealed context)
   at Microsoft.AspNetCore.Mvc.Infrastructure.ControllerActionInvoker.Next(State& next, Scope& scope, Object& state, Boolean& isCompleted)
   at Microsoft.AspNetCore.Mvc.Infrastructure.ControllerActionInvoker.InvokeInnerFilterAsync()
--- End of stack trace from previous location ---
   at Microsoft.AspNetCore.Mvc.Infrastructure.ResourceInvoker.<InvokeFilterPipelineAsync>g__Awaited|20_0(ResourceInvoker invoker, Task lastTask, State next, Scope scope, Object state, Boolean isCompleted)
   at Microsoft.AspNetCore.Mvc.Infrastructure.ResourceInvoker.<InvokeAsync>g__Awaited|17_0(ResourceInvoker invoker, Task task, IDisposable scope)
   at Microsoft.AspNetCore.Mvc.Infrastructure.ResourceInvoker.<InvokeAsync>g__Awaited|17_0(ResourceInvoker invoker, Task task, IDisposable scope)
   at Swashbuckle.AspNetCore.SwaggerUI.SwaggerUIMiddleware.Invoke(HttpContext httpContext)
   at Swashbuckle.AspNetCore.Swagger.SwaggerMiddleware.Invoke(HttpContext httpContext, ISwaggerProvider swaggerProvider)
   at GlobalExceptionMiddleware.InvokeAsync(HttpContext context) in /home/bala/Desktop/CEWIT Interview Preparations/Blazorapp/BlazorAPIProject/API/Filters/GlobalMiddleware.cs:line 18
2026-06-05 16:50:14.739 +05:30 [ERR] Unhandled exception occurred
Microsoft.EntityFrameworkCore.DbUpdateConcurrencyException: The database operation was expected to affect 1 row(s), but actually affected 0 row(s); data may have been modified or deleted since entities were loaded. See https://go.microsoft.com/fwlink/?LinkId=527962 for information on understanding and handling optimistic concurrency exceptions.
   at Microsoft.EntityFrameworkCore.Update.AffectedCountModificationCommandBatch.ThrowAggregateUpdateConcurrencyExceptionAsync(RelationalDataReader reader, Int32 commandIndex, Int32 expectedRowsAffected, Int32 rowsAffected, CancellationToken cancellationToken)
   at Microsoft.EntityFrameworkCore.Update.AffectedCountModificationCommandBatch.ConsumeResultSetWithRowsAffectedOnlyAsync(Int32 commandIndex, RelationalDataReader reader, CancellationToken cancellationToken)
   at Microsoft.EntityFrameworkCore.Update.AffectedCountModificationCommandBatch.ConsumeAsync(RelationalDataReader reader, CancellationToken cancellationToken)
   at Microsoft.EntityFrameworkCore.Update.ReaderModificationCommandBatch.ExecuteAsync(IRelationalConnection connection, CancellationToken cancellationToken)
   at Microsoft.EntityFrameworkCore.Update.ReaderModificationCommandBatch.ExecuteAsync(IRelationalConnection connection, CancellationToken cancellationToken)
   at Microsoft.EntityFrameworkCore.Update.Internal.BatchExecutor.ExecuteAsync(IEnumerable`1 commandBatches, IRelationalConnection connection, CancellationToken cancellationToken)
   at Microsoft.EntityFrameworkCore.Update.Internal.BatchExecutor.ExecuteAsync(IEnumerable`1 commandBatches, IRelationalConnection connection, CancellationToken cancellationToken)
   at Microsoft.EntityFrameworkCore.Update.Internal.BatchExecutor.ExecuteAsync(IEnumerable`1 commandBatches, IRelationalConnection connection, CancellationToken cancellationToken)
   at Microsoft.EntityFrameworkCore.ChangeTracking.Internal.StateManager.SaveChangesAsync(IList`1 entriesToSave, CancellationToken cancellationToken)
   at Microsoft.EntityFrameworkCore.ChangeTracking.Internal.StateManager.SaveChangesAsync(StateManager stateManager, Boolean acceptAllChangesOnSuccess, CancellationToken cancellationToken)
   at Microsoft.EntityFrameworkCore.DbContext.SaveChangesAsync(Boolean acceptAllChangesOnSuccess, CancellationToken cancellationToken)
   at API.Controllers.ProductsController.Delete(Int32 id) in /home/bala/Desktop/CEWIT Interview Preparations/Blazorapp/BlazorAPIProject/API/Controllers/ProductsController.cs:line 78
   at Microsoft.AspNetCore.Mvc.Infrastructure.ActionMethodExecutor.TaskOfIActionResultExecutor.Execute(ActionContext actionContext, IActionResultTypeMapper mapper, ObjectMethodExecutor executor, Object controller, Object[] arguments)
   at Microsoft.AspNetCore.Mvc.Infrastructure.ControllerActionInvoker.<InvokeActionMethodAsync>g__Awaited|12_0(ControllerActionInvoker invoker, ValueTask`1 actionResultValueTask)
   at Microsoft.AspNetCore.Mvc.Infrastructure.ControllerActionInvoker.<InvokeNextActionFilterAsync>g__Awaited|10_0(ControllerActionInvoker invoker, Task lastTask, State next, Scope scope, Object state, Boolean isCompleted)
   at Microsoft.AspNetCore.Mvc.Infrastructure.ControllerActionInvoker.Rethrow(ActionExecutedContextSealed context)
   at Microsoft.AspNetCore.Mvc.Infrastructure.ControllerActionInvoker.Next(State& next, Scope& scope, Object& state, Boolean& isCompleted)
   at Microsoft.AspNetCore.Mvc.Infrastructure.ControllerActionInvoker.InvokeInnerFilterAsync()
--- End of stack trace from previous location ---
   at Microsoft.AspNetCore.Mvc.Infrastructure.ResourceInvoker.<InvokeFilterPipelineAsync>g__Awaited|20_0(ResourceInvoker invoker, Task lastTask, State next, Scope scope, Object state, Boolean isCompleted)
   at Microsoft.AspNetCore.Mvc.Infrastructure.ResourceInvoker.<InvokeAsync>g__Awaited|17_0(ResourceInvoker invoker, Task task, IDisposable scope)
   at Microsoft.AspNetCore.Mvc.Infrastructure.ResourceInvoker.<InvokeAsync>g__Awaited|17_0(ResourceInvoker invoker, Task task, IDisposable scope)
   at Swashbuckle.AspNetCore.SwaggerUI.SwaggerUIMiddleware.Invoke(HttpContext httpContext)
   at Swashbuckle.AspNetCore.Swagger.SwaggerMiddleware.Invoke(HttpContext httpContext, ISwaggerProvider swaggerProvider)
   at GlobalExceptionMiddleware.InvokeAsync(HttpContext context) in /home/bala/Desktop/CEWIT Interview Preparations/Blazorapp/BlazorAPIProject/API/Filters/GlobalMiddleware.cs:line 18
2026-06-05 16:50:16.563 +05:30 [INF] HTTP DELETE /api/products/44 responded 404 in 1145.3029 ms
2026-06-05 16:50:16.564 +05:30 [INF] HTTP DELETE /api/products/44 responded 404 in 840.1151 ms
2026-06-05 16:50:16.564 +05:30 [INF] HTTP DELETE /api/products/44 responded 404 in 863.3773 ms
2026-06-05 16:50:16.617 +05:30 [INF] HTTP DELETE /api/products/44 responded 404 in 691.7197 ms
2026-06-05 16:50:16.625 +05:30 [INF] GenerateAPIValidationToken Begins
2026-06-05 16:50:16.626 +05:30 [INF] GenerateAPIValidationToken Ends
2026-06-05 16:50:16.627 +05:30 [INF] HTTP DELETE /api/products/44 responded 404 in 878.4960 ms
2026-06-05 16:50:16.631 +05:30 [INF] GenerateAPIValidationToken Begins
2026-06-05 16:50:16.632 +05:30 [INF] GenerateAPIValidationToken Ends
2026-06-05 16:50:16.614 +05:30 [INF] HTTP DELETE /api/products/44 responded 404 in 748.8956 ms
2026-06-05 16:50:16.666 +05:30 [INF] HTTP POST /api/products/GenerateAPIValidationToken responded 200 in 41.1974 ms
2026-06-05 16:50:16.666 +05:30 [INF] HTTP POST /api/products/GenerateAPIValidationToken responded 200 in 34.6669 ms
2026-06-05 16:50:16.693 +05:30 [INF] HTTP DELETE /api/products/44 responded 404 in 1245.1234 ms
2026-06-05 16:50:16.717 +05:30 [INF] HTTP DELETE /api/products/44 responded 404 in 54.4351 ms
2026-06-05 16:50:16.734 +05:30 [INF] GenerateAPIValidationToken Begins
2026-06-05 16:50:16.811 +05:30 [INF] GenerateAPIValidationToken Ends
2026-06-05 16:50:16.814 +05:30 [INF] HTTP POST /api/products/GenerateAPIValidationToken responded 200 in 80.5670 ms
2026-06-05 16:50:17.069 +05:30 [ERR] HTTP DELETE /api/products/45 responded 500 in 6473.6730 ms
2026-06-05 16:50:17.070 +05:30 [ERR] HTTP DELETE /api/products/45 responded 500 in 7688.0341 ms
2026-06-05 16:50:17.074 +05:30 [ERR] HTTP DELETE /api/products/45 responded 500 in 6648.3834 ms
2026-06-05 16:50:18.216 +05:30 [INF] GenerateAPIValidationToken Begins
2026-06-05 16:50:18.216 +05:30 [INF] GenerateAPIValidationToken Ends
2026-06-05 16:50:18.220 +05:30 [INF] HTTP POST /api/products/GenerateAPIValidationToken responded 200 in 4.3408 ms
2026-06-05 16:50:18.451 +05:30 [INF] HTTP DELETE /api/products/44 responded 404 in 31.6024 ms
2026-06-05 16:50:18.594 +05:30 [INF] HTTP DELETE /api/products/44 responded 404 in 19.0021 ms
2026-06-05 16:50:18.969 +05:30 [INF] GenerateAPIValidationToken Begins
2026-06-05 16:50:18.970 +05:30 [INF] GenerateAPIValidationToken Ends
2026-06-05 16:50:18.971 +05:30 [INF] HTTP POST /api/products/GenerateAPIValidationToken responded 200 in 2.8629 ms
2026-06-05 16:50:18.974 +05:30 [INF] HTTP DELETE /api/products/44 responded 404 in 7.5035 ms
2026-06-05 16:50:19.180 +05:30 [INF] HTTP DELETE /api/products/44 responded 404 in 13.4349 ms
2026-06-05 16:50:19.325 +05:30 [INF] HTTP DELETE /api/products/43 responded 200 in 61.3589 ms
2026-06-05 16:50:20.098 +05:30 [INF] GenerateAPIValidationToken Begins
2026-06-05 16:50:20.098 +05:30 [INF] GenerateAPIValidationToken Ends
2026-06-05 16:50:20.099 +05:30 [INF] HTTP POST /api/products/GenerateAPIValidationToken responded 200 in 2.7113 ms
2026-06-05 16:50:20.580 +05:30 [INF] GenerateAPIValidationToken Begins
2026-06-05 16:50:20.594 +05:30 [INF] GenerateAPIValidationToken Ends
2026-06-05 16:50:20.596 +05:30 [INF] HTTP POST /api/products/GenerateAPIValidationToken responded 200 in 24.0555 ms
2026-06-05 16:50:20.954 +05:30 [INF] HTTP DELETE /api/products/43 responded 404 in 19.0755 ms
2026-06-05 16:50:21.198 +05:30 [INF] GenerateAPIValidationToken Begins
2026-06-05 16:50:21.204 +05:30 [INF] GenerateAPIValidationToken Ends
2026-06-05 16:50:21.208 +05:30 [INF] HTTP POST /api/products/GenerateAPIValidationToken responded 200 in 10.2557 ms
2026-06-05 16:50:21.363 +05:30 [INF] GenerateAPIValidationToken Begins
2026-06-05 16:50:21.367 +05:30 [INF] GenerateAPIValidationToken Ends
2026-06-05 16:50:21.367 +05:30 [INF] HTTP POST /api/products/GenerateAPIValidationToken responded 200 in 3.9287 ms
2026-06-05 16:50:21.462 +05:30 [INF] GenerateAPIValidationToken Begins
2026-06-05 16:50:21.464 +05:30 [INF] GenerateAPIValidationToken Ends
2026-06-05 16:50:21.465 +05:30 [INF] HTTP POST /api/products/GenerateAPIValidationToken responded 200 in 3.1127 ms
2026-06-05 16:50:21.535 +05:30 [INF] GenerateAPIValidationToken Begins
2026-06-05 16:50:21.537 +05:30 [INF] GenerateAPIValidationToken Ends
2026-06-05 16:50:21.538 +05:30 [INF] HTTP POST /api/products/GenerateAPIValidationToken responded 200 in 4.2487 ms
2026-06-05 16:50:21.715 +05:30 [INF] GenerateAPIValidationToken Begins
2026-06-05 16:50:21.715 +05:30 [INF] GenerateAPIValidationToken Ends
2026-06-05 16:50:21.716 +05:30 [INF] HTTP POST /api/products/GenerateAPIValidationToken responded 200 in 1.3530 ms
2026-06-05 16:50:21.858 +05:30 [INF] GenerateAPIValidationToken Begins
2026-06-05 16:50:21.859 +05:30 [INF] GenerateAPIValidationToken Ends
2026-06-05 16:50:21.861 +05:30 [INF] HTTP POST /api/products/GenerateAPIValidationToken responded 200 in 3.6834 ms
2026-06-05 16:50:22.075 +05:30 [INF] GenerateAPIValidationToken Begins
2026-06-05 16:50:22.075 +05:30 [INF] GenerateAPIValidationToken Ends
2026-06-05 16:50:22.076 +05:30 [INF] HTTP POST /api/products/GenerateAPIValidationToken responded 200 in 1.5542 ms
2026-06-05 16:50:22.262 +05:30 [INF] GenerateAPIValidationToken Begins
2026-06-05 16:50:22.263 +05:30 [INF] GenerateAPIValidationToken Ends
2026-06-05 16:50:22.264 +05:30 [INF] HTTP POST /api/products/GenerateAPIValidationToken responded 200 in 2.9899 ms
2026-06-05 16:50:22.347 +05:30 [INF] GenerateAPIValidationToken Begins
2026-06-05 16:50:22.348 +05:30 [INF] GenerateAPIValidationToken Ends
2026-06-05 16:50:22.348 +05:30 [INF] HTTP POST /api/products/GenerateAPIValidationToken responded 200 in 1.7370 ms
2026-06-05 16:50:22.439 +05:30 [INF] GenerateAPIValidationToken Begins
2026-06-05 16:50:22.440 +05:30 [INF] GenerateAPIValidationToken Ends
2026-06-05 16:50:22.441 +05:30 [INF] HTTP POST /api/products/GenerateAPIValidationToken responded 200 in 1.8582 ms
2026-06-05 16:50:22.523 +05:30 [INF] GenerateAPIValidationToken Begins
2026-06-05 16:50:22.525 +05:30 [INF] GenerateAPIValidationToken Ends
2026-06-05 16:50:22.526 +05:30 [INF] HTTP POST /api/products/GenerateAPIValidationToken responded 200 in 2.9985 ms
2026-06-05 16:50:22.590 +05:30 [INF] GenerateAPIValidationToken Begins
2026-06-05 16:50:22.591 +05:30 [INF] GenerateAPIValidationToken Ends
2026-06-05 16:50:22.592 +05:30 [INF] HTTP POST /api/products/GenerateAPIValidationToken responded 200 in 2.6989 ms
2026-06-05 16:50:22.669 +05:30 [INF] HTTP DELETE /api/products/43 responded 404 in 4.0785 ms
2026-06-05 16:50:22.717 +05:30 [INF] HTTP DELETE /api/products/43 responded 404 in 3.1227 ms
2026-06-05 16:50:22.802 +05:30 [INF] GenerateAPIValidationToken Begins
2026-06-05 16:50:22.803 +05:30 [INF] GenerateAPIValidationToken Ends
2026-06-05 16:50:22.808 +05:30 [INF] HTTP POST /api/products/GenerateAPIValidationToken responded 200 in 5.4020 ms
2026-06-05 16:50:22.915 +05:30 [INF] HTTP DELETE /api/products/43 responded 404 in 3.5220 ms
2026-06-05 16:50:23.064 +05:30 [INF] GenerateAPIValidationToken Begins
2026-06-05 16:50:23.064 +05:30 [INF] GenerateAPIValidationToken Ends
2026-06-05 16:50:23.065 +05:30 [INF] HTTP POST /api/products/GenerateAPIValidationToken responded 200 in 1.5668 ms
2026-06-05 16:50:23.363 +05:30 [INF] HTTP DELETE /api/products/43 responded 404 in 5.1443 ms
2026-06-05 16:50:23.399 +05:30 [INF] GenerateAPIValidationToken Begins
2026-06-05 16:50:23.403 +05:30 [INF] GenerateAPIValidationToken Ends
2026-06-05 16:50:23.403 +05:30 [INF] HTTP POST /api/products/GenerateAPIValidationToken responded 200 in 4.5463 ms
2026-06-05 16:50:23.522 +05:30 [INF] GenerateAPIValidationToken Begins
2026-06-05 16:50:23.525 +05:30 [INF] GenerateAPIValidationToken Ends
2026-06-05 16:50:23.528 +05:30 [INF] HTTP POST /api/products/GenerateAPIValidationToken responded 200 in 6.5485 ms
2026-06-05 16:50:23.600 +05:30 [INF] HTTP DELETE /api/products/43 responded 404 in 3.7863 ms
2026-06-05 16:50:23.630 +05:30 [INF] HTTP DELETE /api/products/43 responded 404 in 10.4677 ms
2026-06-05 16:50:23.658 +05:30 [INF] HTTP DELETE /api/products/43 responded 404 in 6.6131 ms
2026-06-05 16:50:23.690 +05:30 [INF] HTTP DELETE /api/products/43 responded 404 in 14.7628 ms
2026-06-05 16:50:23.706 +05:30 [INF] HTTP DELETE /api/products/43 responded 404 in 3.5529 ms
2026-06-05 16:50:23.800 +05:30 [INF] GenerateAPIValidationToken Begins
2026-06-05 16:50:23.804 +05:30 [INF] GenerateAPIValidationToken Ends
2026-06-05 16:50:23.804 +05:30 [INF] HTTP POST /api/products/GenerateAPIValidationToken responded 200 in 4.8803 ms
2026-06-05 16:50:23.915 +05:30 [INF] HTTP DELETE /api/products/43 responded 404 in 3.9125 ms
2026-06-05 16:50:23.979 +05:30 [INF] HTTP DELETE /api/products/43 responded 404 in 3.0796 ms
2026-06-05 16:50:24.021 +05:30 [INF] HTTP DELETE /api/products/43 responded 404 in 5.7202 ms
2026-06-05 16:50:24.050 +05:30 [INF] HTTP DELETE /api/products/43 responded 404 in 2.8762 ms
2026-06-05 16:50:24.166 +05:30 [INF] HTTP DELETE /api/products/43 responded 404 in 12.1109 ms
2026-06-05 16:50:24.251 +05:30 [INF] HTTP DELETE /api/products/43 responded 404 in 3.0813 ms
2026-06-05 16:50:24.266 +05:30 [INF] HTTP DELETE /api/products/43 responded 404 in 2.5777 ms
2026-06-05 16:50:24.325 +05:30 [INF] HTTP DELETE /api/products/43 responded 404 in 3.1737 ms
2026-06-05 16:50:24.368 +05:30 [INF] HTTP DELETE /api/products/43 responded 404 in 17.8788 ms
2026-06-05 16:50:24.421 +05:30 [INF] HTTP DELETE /api/products/43 responded 404 in 6.2526 ms
2026-06-05 16:50:24.439 +05:30 [INF] HTTP DELETE /api/products/43 responded 404 in 8.4215 ms
2026-06-05 16:50:25.733 +05:30 [INF] GenerateAPIValidationToken Begins
2026-06-05 16:50:25.744 +05:30 [INF] GenerateAPIValidationToken Ends
2026-06-05 16:50:25.744 +05:30 [INF] HTTP POST /api/products/GenerateAPIValidationToken responded 200 in 11.6507 ms
2026-06-05 16:50:25.912 +05:30 [INF] HTTP DELETE /api/products/41 responded 200 in 36.9420 ms
2026-06-05 16:50:26.579 +05:30 [INF] GenerateAPIValidationToken Begins
2026-06-05 16:50:26.580 +05:30 [INF] GenerateAPIValidationToken Ends
2026-06-05 16:50:26.580 +05:30 [INF] HTTP POST /api/products/GenerateAPIValidationToken responded 200 in 1.5325 ms
2026-06-05 16:50:26.749 +05:30 [INF] HTTP DELETE /api/products/40 responded 200 in 13.6063 ms
2026-06-05 16:50:27.282 +05:30 [INF] GenerateAPIValidationToken Begins
2026-06-05 16:50:27.286 +05:30 [INF] GenerateAPIValidationToken Ends
2026-06-05 16:50:27.287 +05:30 [INF] HTTP POST /api/products/GenerateAPIValidationToken responded 200 in 5.1726 ms
2026-06-05 16:50:27.404 +05:30 [INF] HTTP DELETE /api/products/39 responded 200 in 24.2160 ms
2026-06-05 16:50:27.667 +05:30 [INF] GenerateAPIValidationToken Begins
2026-06-05 16:50:27.670 +05:30 [INF] GenerateAPIValidationToken Ends
2026-06-05 16:50:27.673 +05:30 [INF] HTTP POST /api/products/GenerateAPIValidationToken responded 200 in 6.4513 ms
2026-06-05 16:50:27.811 +05:30 [INF] HTTP DELETE /api/products/38 responded 200 in 25.7139 ms
2026-06-05 16:50:27.891 +05:30 [INF] GenerateAPIValidationToken Begins
2026-06-05 16:50:27.894 +05:30 [INF] GenerateAPIValidationToken Ends
2026-06-05 16:50:27.895 +05:30 [INF] HTTP POST /api/products/GenerateAPIValidationToken responded 200 in 3.7303 ms
2026-06-05 16:50:28.010 +05:30 [INF] HTTP DELETE /api/products/38 responded 404 in 10.0900 ms
2026-06-05 16:50:28.266 +05:30 [INF] GenerateAPIValidationToken Begins
2026-06-05 16:50:28.266 +05:30 [INF] GenerateAPIValidationToken Ends
2026-06-05 16:50:28.267 +05:30 [INF] HTTP POST /api/products/GenerateAPIValidationToken responded 200 in 1.3347 ms
2026-06-05 16:50:28.547 +05:30 [INF] GenerateAPIValidationToken Begins
2026-06-05 16:50:28.547 +05:30 [INF] GenerateAPIValidationToken Ends
2026-06-05 16:50:28.548 +05:30 [INF] HTTP POST /api/products/GenerateAPIValidationToken responded 200 in 1.5382 ms
2026-06-05 16:50:28.728 +05:30 [INF] HTTP DELETE /api/products/38 responded 404 in 11.5793 ms
2026-06-05 16:50:28.830 +05:30 [INF] GenerateAPIValidationToken Begins
2026-06-05 16:50:28.833 +05:30 [INF] GenerateAPIValidationToken Ends
2026-06-05 16:50:28.840 +05:30 [INF] HTTP POST /api/products/GenerateAPIValidationToken responded 200 in 10.1932 ms
2026-06-05 16:50:29.087 +05:30 [INF] GenerateAPIValidationToken Begins
2026-06-05 16:50:29.087 +05:30 [INF] GenerateAPIValidationToken Ends
2026-06-05 16:50:29.095 +05:30 [INF] HTTP POST /api/products/GenerateAPIValidationToken responded 200 in 8.5761 ms
2026-06-05 16:50:29.132 +05:30 [INF] HTTP DELETE /api/products/37 responded 200 in 8.3492 ms
2026-06-05 16:50:29.181 +05:30 [INF] GenerateAPIValidationToken Begins
2026-06-05 16:50:29.181 +05:30 [INF] GenerateAPIValidationToken Ends
2026-06-05 16:50:29.182 +05:30 [INF] HTTP POST /api/products/GenerateAPIValidationToken responded 200 in 1.2728 ms
2026-06-05 16:50:29.310 +05:30 [INF] HTTP DELETE /api/products/37 responded 404 in 11.2848 ms
2026-06-05 16:50:29.516 +05:30 [INF] GenerateAPIValidationToken Begins
2026-06-05 16:50:29.517 +05:30 [INF] GenerateAPIValidationToken Ends
2026-06-05 16:50:29.525 +05:30 [INF] HTTP POST /api/products/GenerateAPIValidationToken responded 200 in 9.6464 ms
2026-06-05 16:50:29.653 +05:30 [INF] HTTP DELETE /api/products/37 responded 404 in 5.1978 ms
2026-06-05 16:50:29.697 +05:30 [INF] HTTP DELETE /api/products/37 responded 404 in 3.9341 ms
2026-06-05 16:50:29.799 +05:30 [INF] GenerateAPIValidationToken Begins
2026-06-05 16:50:29.800 +05:30 [INF] GenerateAPIValidationToken Ends
2026-06-05 16:50:29.800 +05:30 [INF] HTTP POST /api/products/GenerateAPIValidationToken responded 200 in 1.1844 ms
2026-06-05 16:50:29.866 +05:30 [INF] GenerateAPIValidationToken Begins
2026-06-05 16:50:29.869 +05:30 [INF] GenerateAPIValidationToken Ends
2026-06-05 16:50:29.869 +05:30 [INF] HTTP POST /api/products/GenerateAPIValidationToken responded 200 in 4.0056 ms
2026-06-05 16:50:29.946 +05:30 [INF] HTTP DELETE /api/products/37 responded 404 in 2.6091 ms
2026-06-05 16:50:30.015 +05:30 [INF] HTTP DELETE /api/products/37 responded 404 in 4.0013 ms
2026-06-05 16:50:30.046 +05:30 [INF] HTTP DELETE /api/products/37 responded 404 in 3.9661 ms
2026-06-05 16:50:30.844 +05:30 [INF] GenerateAPIValidationToken Begins
2026-06-05 16:50:30.847 +05:30 [INF] GenerateAPIValidationToken Ends
2026-06-05 16:50:30.850 +05:30 [INF] HTTP POST /api/products/GenerateAPIValidationToken responded 200 in 19.7817 ms
2026-06-05 16:50:30.941 +05:30 [INF] HTTP DELETE /api/products/36 responded 200 in 31.3894 ms
2026-06-05 16:50:31.217 +05:30 [INF] GenerateAPIValidationToken Begins
2026-06-05 16:50:31.219 +05:30 [INF] GenerateAPIValidationToken Ends
2026-06-05 16:50:31.221 +05:30 [INF] HTTP POST /api/products/GenerateAPIValidationToken responded 200 in 3.9749 ms
2026-06-05 16:50:31.430 +05:30 [INF] GenerateAPIValidationToken Begins
2026-06-05 16:50:31.431 +05:30 [INF] GenerateAPIValidationToken Ends
2026-06-05 16:50:31.433 +05:30 [INF] HTTP POST /api/products/GenerateAPIValidationToken responded 200 in 2.8728 ms
2026-06-05 16:50:31.562 +05:30 [INF] HTTP DELETE /api/products/36 responded 404 in 2.5993 ms
2026-06-05 16:50:31.645 +05:30 [INF] GenerateAPIValidationToken Begins
2026-06-05 16:50:31.647 +05:30 [INF] GenerateAPIValidationToken Ends
2026-06-05 16:50:31.647 +05:30 [INF] HTTP POST /api/products/GenerateAPIValidationToken responded 200 in 3.9918 ms
2026-06-05 16:50:31.820 +05:30 [INF] HTTP DELETE /api/products/35 responded 200 in 74.0284 ms
2026-06-05 16:50:31.855 +05:30 [INF] HTTP DELETE /api/products/35 responded 404 in 6.1922 ms
2026-06-05 16:50:32.036 +05:30 [INF] GenerateAPIValidationToken Begins
2026-06-05 16:50:32.038 +05:30 [INF] GenerateAPIValidationToken Ends
2026-06-05 16:50:32.039 +05:30 [INF] HTTP POST /api/products/GenerateAPIValidationToken responded 200 in 3.5982 ms
2026-06-05 16:50:32.128 +05:30 [INF] HTTP DELETE /api/products/35 responded 404 in 2.8807 ms
2026-06-05 16:50:32.416 +05:30 [INF] GenerateAPIValidationToken Begins
2026-06-05 16:50:32.422 +05:30 [INF] GenerateAPIValidationToken Ends
2026-06-05 16:50:32.423 +05:30 [INF] HTTP POST /api/products/GenerateAPIValidationToken responded 200 in 7.4226 ms
2026-06-05 16:50:32.487 +05:30 [INF] HTTP DELETE /api/products/34 responded 200 in 10.2477 ms
2026-06-05 16:50:32.944 +05:30 [INF] GenerateAPIValidationToken Begins
2026-06-05 16:50:32.946 +05:30 [INF] GenerateAPIValidationToken Ends
2026-06-05 16:50:32.947 +05:30 [INF] HTTP POST /api/products/GenerateAPIValidationToken responded 200 in 2.9882 ms
2026-06-05 16:50:33.024 +05:30 [INF] HTTP DELETE /api/products/33 responded 200 in 12.1505 ms
2026-06-05 16:50:33.139 +05:30 [INF] GenerateAPIValidationToken Begins
2026-06-05 16:50:33.139 +05:30 [INF] GenerateAPIValidationToken Ends
2026-06-05 16:50:33.140 +05:30 [INF] HTTP POST /api/products/GenerateAPIValidationToken responded 200 in 1.2443 ms
2026-06-05 16:50:33.226 +05:30 [INF] HTTP DELETE /api/products/32 responded 200 in 34.2693 ms
2026-06-05 16:50:33.539 +05:30 [INF] GenerateAPIValidationToken Begins
2026-06-05 16:50:33.548 +05:30 [INF] GenerateAPIValidationToken Ends
2026-06-05 16:50:33.559 +05:30 [INF] HTTP POST /api/products/GenerateAPIValidationToken responded 200 in 20.5716 ms
2026-06-05 16:50:33.610 +05:30 [INF] HTTP DELETE /api/products/15 responded 200 in 12.3252 ms
2026-06-05 16:52:50.793 +05:30 [WRN] Failed to determine the https port for redirect.
2026-06-05 16:52:51.731 +05:30 [INF] GenerateAPIValidationToken Begins
2026-06-05 16:52:51.802 +05:30 [INF] GenerateAPIValidationToken Ends
2026-06-05 16:52:51.901 +05:30 [INF] HTTP POST /api/products/GenerateAPIValidationToken responded 200 in 1210.0731 ms
2026-06-05 16:52:52.420 +05:30 [INF] Add ProductsAPI.Models.Product
2026-06-05 16:53:08.934 +05:30 [INF] HTTP POST /api/products responded 200 in 16652.6584 ms
2026-06-05 16:57:24.793 +05:30 [WRN] Failed to determine the https port for redirect.
2026-06-05 16:57:25.884 +05:30 [INF] GenerateAPIValidationToken Begins
2026-06-05 16:57:26.024 +05:30 [INF] GenerateAPIValidationToken Ends
2026-06-05 16:57:26.233 +05:30 [INF] HTTP POST /api/products/GenerateAPIValidationToken responded 200 in 1600.9609 ms
2026-06-05 16:57:32.142 +05:30 [INF] HTTP GET /api/products responded 200 in 4838.0411 ms
2026-06-05 16:57:35.644 +05:30 [INF] GenerateAPIValidationToken Begins
2026-06-05 16:57:35.660 +05:30 [INF] GenerateAPIValidationToken Ends
2026-06-05 16:57:35.711 +05:30 [INF] HTTP POST /api/products/GenerateAPIValidationToken responded 200 in 92.4546 ms
2026-06-05 16:57:36.332 +05:30 [INF] HTTP GET /api/products responded 200 in 490.6576 ms
2026-06-05 17:22:34.973 +05:30 [WRN] Failed to determine the https port for redirect.
2026-06-05 17:22:35.758 +05:30 [INF] GenerateAPIValidationToken Begins
2026-06-05 17:22:35.830 +05:30 [INF] GenerateAPIValidationToken Ends
2026-06-05 17:22:35.944 +05:30 [INF] HTTP POST /api/products/GenerateAPIValidationToken responded 200 in 1054.4284 ms
2026-06-05 17:22:39.904 +05:30 [INF] HTTP GET /api/products responded 200 in 3590.3132 ms
2026-06-05 17:22:41.763 +05:30 [INF] GenerateAPIValidationToken Begins
2026-06-05 17:22:41.767 +05:30 [INF] GenerateAPIValidationToken Ends
2026-06-05 17:22:41.771 +05:30 [INF] HTTP POST /api/products/GenerateAPIValidationToken responded 200 in 15.2394 ms
2026-06-05 17:22:42.012 +05:30 [INF] HTTP GET /api/products responded 200 in 154.8946 ms
2026-06-05 17:22:58.070 +05:30 [INF] GenerateAPIValidationToken Begins
2026-06-05 17:22:58.071 +05:30 [INF] GenerateAPIValidationToken Ends
2026-06-05 17:22:58.072 +05:30 [INF] HTTP POST /api/products/GenerateAPIValidationToken responded 200 in 3.9052 ms
2026-06-05 17:22:58.402 +05:30 [INF] Add ProductsAPI.Models.Product
2026-06-05 17:23:05.757 +05:30 [INF] HTTP POST /api/products responded 200 in 7620.4140 ms
2026-06-05 17:38:42.366 +05:30 [INF] Serilog test message
2026-06-05 17:38:58.821 +05:30 [INF] Kafka consumer started, subscribed to product-created
2026-06-05 17:40:50.535 +05:30 [INF] Serilog test message
2026-06-05 17:44:30.447 +05:30 [INF] Serilog test message
2026-06-05 17:44:31.763 +05:30 [INF] Kafka consumer started, subscribed to product-created
2026-06-05 17:46:59.222 +05:30 [INF] Serilog test message
2026-06-05 17:47:35.357 +05:30 [INF] Kafka consumer started, subscribed to product-created
2026-06-05 17:49:17.279 +05:30 [INF] Serilog test message
2026-06-05 17:49:25.468 +05:30 [INF] Kafka consumer started, subscribed to product-created
2026-06-05 17:54:11.324 +05:30 [INF] Serilog test message
2026-06-05 17:54:12.235 +05:30 [INF] Kafka consumer started, subscribed to product-created
2026-06-05 17:55:09.861 +05:30 [INF] Serilog test message
2026-06-05 17:55:10.626 +05:30 [INF] Kafka consumer started, subscribed to product-created
2026-06-05 18:27:12.777 +05:30 [INF] Serilog test message
2026-06-05 18:27:14.352 +05:30 [INF] Kafka consumer started, subscribed to product-created
2026-06-05 18:28:50.854 +05:30 [INF] Serilog test message
2026-06-05 18:28:52.072 +05:30 [INF] Kafka consumer started, subscribed to product-created
2026-06-05 18:30:16.102 +05:30 [INF] Serilog test message
2026-06-05 18:30:29.885 +05:30 [INF] Kafka consumer started, subscribed to product-created
2026-06-05 18:31:00.992 +05:30 [WRN] Failed to determine the https port for redirect.
2026-06-05 18:31:01.859 +05:30 [INF] GenerateAPIValidationToken Begins
2026-06-05 18:31:01.969 +05:30 [INF] GenerateAPIValidationToken Ends
2026-06-05 18:31:02.151 +05:30 [INF] HTTP POST /api/products/GenerateAPIValidationToken responded 200 in 1336.8175 ms
2026-06-05 18:31:06.210 +05:30 [INF] HTTP GET /api/products responded 200 in 3369.7508 ms
2026-06-05 18:31:09.188 +05:30 [INF] GenerateAPIValidationToken Begins
2026-06-05 18:31:09.195 +05:30 [INF] GenerateAPIValidationToken Ends
2026-06-05 18:31:09.220 +05:30 [INF] HTTP POST /api/products/GenerateAPIValidationToken responded 200 in 59.7033 ms
2026-06-05 18:31:10.295 +05:30 [INF] HTTP GET /api/products responded 200 in 884.4366 ms
2026-06-05 18:34:46.008 +05:30 [INF] GenerateAPIValidationToken Begins
2026-06-05 18:34:46.110 +05:30 [INF] GenerateAPIValidationToken Ends
2026-06-05 18:34:46.141 +05:30 [INF] HTTP POST /api/products/GenerateAPIValidationToken responded 200 in 212.3513 ms
2026-06-05 18:35:04.263 +05:30 [INF] Add Products 0
2026-06-05 18:35:13.297 +05:30 [INF] HTTP POST /api/products responded 200 in 26354.4455 ms
2026-06-05 18:36:12.892 +05:30 [INF] GenerateAPIValidationToken Begins
2026-06-05 18:36:12.907 +05:30 [INF] GenerateAPIValidationToken Ends
2026-06-05 18:36:12.910 +05:30 [INF] HTTP POST /api/products/GenerateAPIValidationToken responded 200 in 54.4866 ms
2026-06-05 18:36:18.389 +05:30 [INF] Add Products 0
2026-06-05 18:36:22.887 +05:30 [INF] HTTP POST /api/products responded 200 in 9902.4612 ms
2026-06-05 18:43:41.917 +05:30 [INF] Serilog test message
2026-06-05 18:43:43.454 +05:30 [INF] Kafka consumer started, subscribed to product-created
2026-06-05 18:47:44.298 +05:30 [INF] Serilog test message
2026-06-05 18:47:52.485 +05:30 [INF] Kafka consumer started, subscribed to product-created
2026-06-05 18:48:19.205 +05:30 [WRN] Failed to determine the https port for redirect.
2026-06-05 18:48:20.692 +05:30 [INF] GenerateAPIValidationToken Begins
2026-06-05 18:48:20.989 +05:30 [INF] GenerateAPIValidationToken Ends
2026-06-05 18:48:21.594 +05:30 [INF] HTTP POST /api/products/GenerateAPIValidationToken responded 200 in 2541.0840 ms
2026-06-05 18:48:29.049 +05:30 [INF] HTTP GET /api/products responded 200 in 5995.8796 ms
2026-06-05 18:48:35.188 +05:30 [INF] GenerateAPIValidationToken Begins
2026-06-05 18:48:35.196 +05:30 [INF] GenerateAPIValidationToken Ends
2026-06-05 18:48:35.205 +05:30 [INF] HTTP POST /api/products/GenerateAPIValidationToken responded 200 in 25.6309 ms
2026-06-05 18:48:36.092 +05:30 [INF] HTTP GET /api/products responded 200 in 787.2258 ms
2026-06-05 18:48:42.475 +05:30 [INF] GenerateAPIValidationToken Begins
2026-06-05 18:48:42.479 +05:30 [INF] GenerateAPIValidationToken Ends
2026-06-05 18:48:42.486 +05:30 [INF] HTTP POST /api/products/GenerateAPIValidationToken responded 200 in 11.2122 ms
2026-06-05 18:49:00.230 +05:30 [INF] Add Products 0
2026-06-05 18:49:08.001 +05:30 [INF] HTTP POST /api/products responded 200 in 25443.3352 ms
2026-06-05 18:58:18.382 +05:30 [INF] Serilog test message
2026-06-05 18:58:38.474 +05:30 [INF] Kafka consumer started, subscribed to product-created
2026-06-05 19:17:09.835 +05:30 [INF] Serilog test message
2026-06-05 19:17:25.657 +05:30 [INF] Kafka consumer started, subscribed to product-created
2026-06-05 19:17:49.578 +05:30 [WRN] Failed to determine the https port for redirect.
2026-06-05 19:17:50.323 +05:30 [INF] GenerateAPIValidationToken Begins
2026-06-05 19:17:50.454 +05:30 [INF] GenerateAPIValidationToken Ends
2026-06-05 19:17:50.661 +05:30 [INF] HTTP POST /api/products/GenerateAPIValidationToken responded 200 in 1176.0409 ms
2026-06-05 19:17:55.169 +05:30 [INF] HTTP GET /api/products responded 200 in 4072.7952 ms
2026-06-05 19:17:59.934 +05:30 [INF] GenerateAPIValidationToken Begins
2026-06-05 19:17:59.940 +05:30 [INF] GenerateAPIValidationToken Ends
2026-06-05 19:17:59.952 +05:30 [INF] HTTP POST /api/products/GenerateAPIValidationToken responded 200 in 32.4708 ms
2026-06-05 19:18:00.654 +05:30 [INF] HTTP GET /api/products responded 200 in 469.1082 ms
2026-06-05 19:18:07.254 +05:30 [INF] GenerateAPIValidationToken Begins
2026-06-05 19:18:07.256 +05:30 [INF] GenerateAPIValidationToken Ends
2026-06-05 19:18:07.257 +05:30 [INF] HTTP POST /api/products/GenerateAPIValidationToken responded 200 in 3.7263 ms
2026-06-05 19:18:14.914 +05:30 [INF] Add Products 0
2026-06-05 19:18:17.146 +05:30 [INF] Publishing to Kafka topic product-created
2026-06-05 19:19:07.700 +05:30 [INF] Delivered to product-created [[0]] @6
2026-06-05 19:19:29.217 +05:30 [INF] HTTP POST /api/products responded 200 in 81872.2001 ms
2026-06-05 19:24:23.797 +05:30 [INF] GenerateAPIValidationToken Begins
2026-06-05 19:24:23.902 +05:30 [INF] GenerateAPIValidationToken Ends
2026-06-05 19:24:23.929 +05:30 [INF] HTTP POST /api/products/GenerateAPIValidationToken responded 200 in 221.4933 ms
2026-06-05 19:24:36.647 +05:30 [INF] Add Products 0
2026-06-05 19:24:37.381 +05:30 [INF] Publishing to Kafka topic product-created
2026-06-05 19:24:45.610 +05:30 [INF] Delivered to product-created [[0]] @7
2026-06-05 19:25:01.118 +05:30 [INF] HTTP POST /api/products responded 200 in 36941.0848 ms
2026-06-05 20:42:49.728 +05:30 [INF] Serilog test message
2026-06-05 20:42:56.862 +05:30 [INF] Kafka consumer started, subscribed to product-created
2026-06-05 20:43:19.992 +05:30 [WRN] Failed to determine the https port for redirect.
2026-06-05 20:43:21.535 +05:30 [INF] GenerateAPIValidationToken Begins
2026-06-05 20:43:21.699 +05:30 [INF] GenerateAPIValidationToken Ends
2026-06-05 20:43:21.845 +05:30 [INF] HTTP POST /api/products/GenerateAPIValidationToken responded 200 in 2218.0636 ms
2026-06-05 20:43:26.220 +05:30 [INF] HTTP GET /api/products responded 200 in 2762.4260 ms
2026-06-05 20:43:31.576 +05:30 [INF] GenerateAPIValidationToken Begins
2026-06-05 20:43:31.578 +05:30 [INF] GenerateAPIValidationToken Ends
2026-06-05 20:43:31.579 +05:30 [INF] HTTP POST /api/products/GenerateAPIValidationToken responded 200 in 10.2082 ms
2026-06-05 20:43:32.028 +05:30 [INF] HTTP GET /api/products responded 200 in 294.2301 ms
2026-06-05 20:43:37.793 +05:30 [INF] GenerateAPIValidationToken Begins
2026-06-05 20:43:37.799 +05:30 [INF] GenerateAPIValidationToken Ends
2026-06-05 20:43:37.802 +05:30 [INF] HTTP POST /api/products/GenerateAPIValidationToken responded 200 in 10.0103 ms
2026-06-05 20:43:44.068 +05:30 [INF] Add Products 0
2026-06-05 20:43:45.518 +05:30 [INF] Publishing to Kafka topic product-created
2026-06-05 20:43:53.304 +05:30 [INF] Delivered to product-created [[0]] @9
2026-06-05 20:44:04.337 +05:30 [INF] HTTP POST /api/products responded 200 in 26439.9377 ms
2026-06-05 20:45:44.456 +05:30 [INF] Serilog test message
2026-06-05 20:46:07.006 +05:30 [INF] Serilog test message
2026-06-05 20:46:14.883 +05:30 [INF] Kafka consumer started, subscribed to product-created
2026-06-05 20:46:36.273 +05:30 [WRN] Failed to determine the https port for redirect.
2026-06-05 20:46:39.157 +05:30 [INF] GenerateAPIValidationToken Begins
2026-06-05 20:46:39.378 +05:30 [INF] GenerateAPIValidationToken Ends
2026-06-05 20:46:39.671 +05:30 [INF] HTTP POST /api/products/GenerateAPIValidationToken responded 200 in 3674.9209 ms
2026-06-05 20:46:45.357 +05:30 [INF] Add Products 0
2026-06-05 20:46:48.264 +05:30 [INF] Publishing to Kafka topic product-created
2026-06-05 20:46:48.414 +05:30 [INF] Delivered to product-created [[0]] @10
2026-06-05 20:46:48.449 +05:30 [INF] HTTP POST /api/products responded 200 in 8112.5415 ms
2026-06-05 20:51:35.796 +05:30 [INF] Serilog test message
2026-06-05 20:51:46.560 +05:30 [INF] Kafka consumer started, subscribed to product-created
2026-06-05 20:52:58.738 +05:30 [WRN] Failed to determine the https port for redirect.
2026-06-05 20:52:59.489 +05:30 [INF] GenerateAPIValidationToken Begins
2026-06-05 20:52:59.590 +05:30 [INF] GenerateAPIValidationToken Ends
2026-06-05 20:52:59.739 +05:30 [INF] HTTP POST /api/products/GenerateAPIValidationToken responded 200 in 1128.3068 ms
2026-06-05 20:53:02.970 +05:30 [INF] HTTP GET /api/products responded 200 in 2647.1834 ms
2026-06-05 20:53:04.477 +05:30 [INF] GenerateAPIValidationToken Begins
2026-06-05 20:53:04.480 +05:30 [INF] GenerateAPIValidationToken Ends
2026-06-05 20:53:04.482 +05:30 [INF] HTTP POST /api/products/GenerateAPIValidationToken responded 200 in 14.3088 ms
2026-06-05 20:53:04.720 +05:30 [INF] HTTP GET /api/products responded 200 in 175.6233 ms
2026-06-05 20:53:08.193 +05:30 [INF] GenerateAPIValidationToken Begins
2026-06-05 20:53:08.193 +05:30 [INF] GenerateAPIValidationToken Ends
2026-06-05 20:53:08.194 +05:30 [INF] HTTP POST /api/products/GenerateAPIValidationToken responded 200 in 1.8833 ms
2026-06-05 20:53:08.747 +05:30 [INF] HTTP DELETE /api/products/54 responded 200 in 518.1669 ms
2026-06-05 20:53:08.926 +05:30 [INF] GenerateAPIValidationToken Begins
2026-06-05 20:53:08.927 +05:30 [INF] GenerateAPIValidationToken Ends
2026-06-05 20:53:08.928 +05:30 [INF] HTTP POST /api/products/GenerateAPIValidationToken responded 200 in 2.4842 ms
2026-06-05 20:53:09.008 +05:30 [INF] HTTP DELETE /api/products/53 responded 200 in 27.9733 ms
2026-06-05 20:53:09.480 +05:30 [INF] GenerateAPIValidationToken Begins
2026-06-05 20:53:09.488 +05:30 [INF] GenerateAPIValidationToken Ends
2026-06-05 20:53:09.491 +05:30 [INF] HTTP POST /api/products/GenerateAPIValidationToken responded 200 in 11.3466 ms
2026-06-05 20:53:09.606 +05:30 [INF] HTTP DELETE /api/products/52 responded 200 in 22.1159 ms
2026-06-05 20:53:09.621 +05:30 [INF] GenerateAPIValidationToken Begins
2026-06-05 20:53:09.626 +05:30 [INF] GenerateAPIValidationToken Ends
2026-06-05 20:53:09.627 +05:30 [INF] HTTP POST /api/products/GenerateAPIValidationToken responded 200 in 6.3116 ms
2026-06-05 20:53:09.826 +05:30 [INF] HTTP DELETE /api/products/52 responded 404 in 153.1604 ms
2026-06-05 20:53:10.061 +05:30 [INF] GenerateAPIValidationToken Begins
2026-06-05 20:53:10.062 +05:30 [INF] GenerateAPIValidationToken Ends
2026-06-05 20:53:10.063 +05:30 [INF] HTTP POST /api/products/GenerateAPIValidationToken responded 200 in 1.9912 ms
2026-06-05 20:53:10.165 +05:30 [INF] HTTP DELETE /api/products/51 responded 200 in 15.8253 ms
2026-06-05 20:53:10.237 +05:30 [INF] GenerateAPIValidationToken Begins
2026-06-05 20:53:10.238 +05:30 [INF] GenerateAPIValidationToken Ends
2026-06-05 20:53:10.241 +05:30 [INF] HTTP POST /api/products/GenerateAPIValidationToken responded 200 in 4.3232 ms
2026-06-05 20:53:10.425 +05:30 [INF] GenerateAPIValidationToken Begins
2026-06-05 20:53:10.425 +05:30 [INF] GenerateAPIValidationToken Ends
2026-06-05 20:53:10.426 +05:30 [INF] HTTP POST /api/products/GenerateAPIValidationToken responded 200 in 1.9880 ms
2026-06-05 20:53:10.528 +05:30 [INF] HTTP DELETE /api/products/51 responded 404 in 7.4225 ms
2026-06-05 20:53:10.698 +05:30 [INF] GenerateAPIValidationToken Begins
2026-06-05 20:53:10.700 +05:30 [INF] GenerateAPIValidationToken Ends
2026-06-05 20:53:10.702 +05:30 [INF] HTTP POST /api/products/GenerateAPIValidationToken responded 200 in 5.0428 ms
2026-06-05 20:53:10.858 +05:30 [INF] HTTP DELETE /api/products/51 responded 404 in 3.5577 ms
2026-06-05 20:53:11.011 +05:30 [INF] HTTP DELETE /api/products/50 responded 200 in 14.3535 ms
2026-06-05 20:53:11.096 +05:30 [INF] GenerateAPIValidationToken Begins
2026-06-05 20:53:11.104 +05:30 [INF] GenerateAPIValidationToken Ends
2026-06-05 20:53:11.105 +05:30 [INF] HTTP POST /api/products/GenerateAPIValidationToken responded 200 in 9.2945 ms
2026-06-05 20:53:11.165 +05:30 [INF] GenerateAPIValidationToken Begins
2026-06-05 20:53:11.165 +05:30 [INF] GenerateAPIValidationToken Ends
2026-06-05 20:53:11.166 +05:30 [INF] HTTP POST /api/products/GenerateAPIValidationToken responded 200 in 1.3490 ms
2026-06-05 20:53:11.246 +05:30 [INF] GenerateAPIValidationToken Begins
2026-06-05 20:53:11.246 +05:30 [INF] GenerateAPIValidationToken Ends
2026-06-05 20:53:11.256 +05:30 [INF] HTTP POST /api/products/GenerateAPIValidationToken responded 200 in 1.5090 ms
2026-06-05 20:53:11.393 +05:30 [INF] HTTP DELETE /api/products/50 responded 404 in 13.7596 ms
2026-06-05 20:53:11.423 +05:30 [INF] HTTP DELETE /api/products/50 responded 404 in 15.0111 ms
2026-06-05 20:53:11.504 +05:30 [INF] GenerateAPIValidationToken Begins
2026-06-05 20:53:11.505 +05:30 [INF] GenerateAPIValidationToken Ends
2026-06-05 20:53:11.510 +05:30 [INF] HTTP POST /api/products/GenerateAPIValidationToken responded 200 in 6.4609 ms
2026-06-05 20:53:11.554 +05:30 [INF] HTTP DELETE /api/products/50 responded 404 in 10.5214 ms
2026-06-05 20:53:11.625 +05:30 [INF] HTTP DELETE /api/products/50 responded 404 in 3.7275 ms
2026-06-05 20:53:13.052 +05:30 [INF] GenerateAPIValidationToken Begins
2026-06-05 20:53:13.074 +05:30 [INF] GenerateAPIValidationToken Ends
2026-06-05 20:53:13.089 +05:30 [INF] HTTP POST /api/products/GenerateAPIValidationToken responded 200 in 45.7697 ms
2026-06-05 20:53:13.244 +05:30 [INF] HTTP DELETE /api/products/49 responded 200 in 17.1336 ms
2026-06-05 20:53:13.367 +05:30 [INF] GenerateAPIValidationToken Begins
2026-06-05 20:53:13.369 +05:30 [INF] GenerateAPIValidationToken Ends
2026-06-05 20:53:13.370 +05:30 [INF] HTTP POST /api/products/GenerateAPIValidationToken responded 200 in 11.7439 ms
2026-06-05 20:53:13.429 +05:30 [INF] GenerateAPIValidationToken Begins
2026-06-05 20:53:13.429 +05:30 [INF] GenerateAPIValidationToken Ends
2026-06-05 20:53:13.430 +05:30 [INF] HTTP POST /api/products/GenerateAPIValidationToken responded 200 in 1.3566 ms
2026-06-05 20:53:13.488 +05:30 [INF] HTTP DELETE /api/products/49 responded 404 in 9.7163 ms
2026-06-05 20:53:13.555 +05:30 [INF] HTTP DELETE /api/products/49 responded 404 in 2.8149 ms
2026-06-05 20:53:13.663 +05:30 [INF] GenerateAPIValidationToken Begins
2026-06-05 20:53:13.673 +05:30 [INF] GenerateAPIValidationToken Ends
2026-06-05 20:53:13.674 +05:30 [INF] HTTP POST /api/products/GenerateAPIValidationToken responded 200 in 11.2380 ms
2026-06-05 20:53:13.931 +05:30 [INF] GenerateAPIValidationToken Begins
2026-06-05 20:53:13.933 +05:30 [INF] GenerateAPIValidationToken Ends
2026-06-05 20:53:13.934 +05:30 [INF] HTTP POST /api/products/GenerateAPIValidationToken responded 200 in 8.4648 ms
2026-06-05 20:53:14.089 +05:30 [INF] HTTP DELETE /api/products/49 responded 404 in 6.3527 ms
2026-06-05 20:53:14.275 +05:30 [INF] HTTP DELETE /api/products/48 responded 200 in 12.0438 ms
2026-06-05 20:53:15.442 +05:30 [INF] GenerateAPIValidationToken Begins
2026-06-05 20:53:15.443 +05:30 [INF] GenerateAPIValidationToken Ends
2026-06-05 20:53:15.445 +05:30 [INF] HTTP POST /api/products/GenerateAPIValidationToken responded 200 in 3.5773 ms
2026-06-05 20:53:15.502 +05:30 [INF] HTTP DELETE /api/products/47 responded 200 in 10.4302 ms
2026-06-05 20:53:16.185 +05:30 [INF] GenerateAPIValidationToken Begins
2026-06-05 20:53:16.186 +05:30 [INF] GenerateAPIValidationToken Ends
2026-06-05 20:53:16.188 +05:30 [INF] HTTP POST /api/products/GenerateAPIValidationToken responded 200 in 3.6051 ms
2026-06-05 20:53:16.255 +05:30 [INF] HTTP DELETE /api/products/46 responded 200 in 13.0720 ms
2026-06-05 20:53:17.196 +05:30 [INF] GenerateAPIValidationToken Begins
2026-06-05 20:53:17.196 +05:30 [INF] GenerateAPIValidationToken Ends
2026-06-05 20:53:17.197 +05:30 [INF] HTTP POST /api/products/GenerateAPIValidationToken responded 200 in 1.8751 ms
2026-06-05 20:53:17.273 +05:30 [INF] HTTP DELETE /api/products/42 responded 200 in 11.5946 ms
2026-06-05 20:53:25.254 +05:30 [INF] GenerateAPIValidationToken Begins
2026-06-05 20:53:25.254 +05:30 [INF] GenerateAPIValidationToken Ends
2026-06-05 20:53:25.255 +05:30 [INF] HTTP POST /api/products/GenerateAPIValidationToken responded 200 in 1.3163 ms
2026-06-05 20:53:30.694 +05:30 [INF] Add Products 0
2026-06-05 20:53:30.858 +05:30 [INF] Publishing to Kafka topic product-created
2026-06-05 20:53:31.043 +05:30 [INF] Delivered to product-created [[0]] @12
2026-06-05 20:53:31.106 +05:30 [INF] HTTP POST /api/products responded 200 in 5766.4872 ms
2026-06-05 21:17:44.154 +05:30 [INF] GenerateAPIValidationToken Begins
2026-06-05 21:17:44.271 +05:30 [INF] GenerateAPIValidationToken Ends
2026-06-05 21:17:44.309 +05:30 [INF] HTTP POST /api/products/GenerateAPIValidationToken responded 200 in 261.0096 ms
2026-06-05 21:17:57.613 +05:30 [INF] Add Products 0
2026-06-05 21:17:58.653 +05:30 [INF] Publishing to Kafka topic product-created
2026-06-05 21:17:59.508 +05:30 [INF] Delivered to product-created [[0]] @13
2026-06-05 21:17:59.538 +05:30 [INF] HTTP POST /api/products responded 200 in 15011.5860 ms
